*   Trying 119.92.172.163:443...
* Connected to apidev.usl.edu.ph (119.92.172.163) port 443
* ALPN: curl offers h2,http/1.1
* SSL connection using TLSv1.2 / ECDHE-RSA-AES256-GCM-SHA384
* ALPN: server accepted h2
* Server certificate:
*  subject: C=PH; ST=Cagayan; L=Tuguegarao; O=University of Saint Louis Tuguegarao; CN=*.usl.edu.ph
*  start date: Sep 13 07:36:09 2024 GMT
*  expire date: Oct 15 07:36:08 2025 GMT
*  subjectAltName: host "apidev.usl.edu.ph" matched cert's "*.usl.edu.ph"
*  issuer: C=BE; O=GlobalSign nv-sa; CN=GlobalSign RSA OV SSL CA 2018
*  SSL certificate verify result: unable to get local issuer certificate (20), continuing anyway.
* using HTTP/2
* [HTTP/2] [1] OPENED stream for https://apidev.usl.edu.ph/api/PublicAPI/Courses
* [HTTP/2] [1] [:method: GET]
* [HTTP/2] [1] [:scheme: https]
* [HTTP/2] [1] [:authority: apidev.usl.edu.ph]
* [HTTP/2] [1] [:path: /api/PublicAPI/Courses]
* [HTTP/2] [1] [user-agent: Mozilla/5.0 (Windows NT 10.0; Win64; x64) AppleWebKit/537.36]
* [HTTP/2] [1] [accept: text/plain]
* [HTTP/2] [1] [cache-control: no-cache]
> GET /api/PublicAPI/Courses HTTP/2
Host: apidev.usl.edu.ph
User-Agent: Mozilla/5.0 (Windows NT 10.0; Win64; x64) AppleWebKit/537.36
accept: text/plain
cache-control: no-cache

< HTTP/2 200 
< content-length: 185928
< content-type: application/json; charset=utf-8
< server: Microsoft-IIS/10.0
< x-powered-by: ASP.NET
< date: Thu, 10 Apr 2025 05:50:56 GMT
< 
* Connection #0 to host apidev.usl.edu.ph left intact
